2026-08-19T04:34:45.400790Z campaign cp2a-r1-as-20260819T043340Z started; qualification_target=30, max_attempts=40, headline_result_based_stopping=false
2026-08-19T04:34:45.481742Z attempt 1/40 starting (0/30 qualified; 0 headline passes)
2026-08-19T04:35:45.086755Z attempt 1 outcome=PASS, protocol_qualified=True, strict_pass=True; stdout='{\n  "app_standby": 65575,\n  "app_standby_minus_age_upper": 14895,\n  "app_standby_minus_minimum_latency": 15019,\n  "evidence": "/home/upgautam/CLionProjects/LostBoundaries/harness/campaigns/cp2a-r1-as-20260819T043340Z/.attempt-evidence.json",\n  "minimum_latency": 50556,\n  "outcome": "PASS"\n}', stderr=''
2026-08-19T04:35:45.163470Z attempt 2/40 starting (1/30 qualified; 1 headline passes)
2026-08-19T04:36:44.391620Z attempt 2 outcome=PASS, protocol_qualified=True, strict_pass=True; stdout='{\n  "app_standby": 65503,\n  "app_standby_minus_age_upper": 14893,\n  "app_standby_minus_minimum_latency": 15011,\n  "evidence": "/home/upgautam/CLionProjects/LostBoundaries/harness/campaigns/cp2a-r1-as-20260819T043340Z/.attempt-evidence.json",\n  "minimum_latency": 50492,\n  "outcome": "PASS"\n}', stderr=''
2026-08-19T04:36:44.466498Z attempt 3/40 starting (2/30 qualified; 2 headline passes)
2026-08-19T04:37:43.465119Z attempt 3 outcome=PASS, protocol_qualified=True, strict_pass=True; stdout='{\n  "app_standby": 65276,\n  "app_standby_minus_age_upper": 14876,\n  "app_standby_minus_minimum_latency": 14986,\n  "evidence": "/home/upgautam/CLionProjects/LostBoundaries/harness/campaigns/cp2a-r1-as-20260819T043340Z/.attempt-evidence.json",\n  "minimum_latency": 50290,\n  "outcome": "PASS"\n}', stderr=''
2026-08-19T04:37:43.547052Z attempt 4/40 starting (3/30 qualified; 3 headline passes)
2026-08-19T04:38:42.691273Z attempt 4 outcome=PASS, protocol_qualified=True, strict_pass=True; stdout='{\n  "app_standby": 65529,\n  "app_standby_minus_age_upper": 14889,\n  "app_standby_minus_minimum_latency": 15000,\n  "evidence": "/home/upgautam/CLionProjects/LostBoundaries/harness/campaigns/cp2a-r1-as-20260819T043340Z/.attempt-evidence.json",\n  "minimum_latency": 50529,\n  "outcome": "PASS"\n}', stderr=''
2026-08-19T04:38:42.768350Z attempt 5/40 starting (4/30 qualified; 4 headline passes)
2026-08-19T04:39:41.797948Z attempt 5 outcome=PASS, protocol_qualified=True, strict_pass=True; stdout='{\n  "app_standby": 65541,\n  "app_standby_minus_age_upper": 14901,\n  "app_standby_minus_minimum_latency": 15024,\n  "evidence": "/home/upgautam/CLionProjects/LostBoundaries/harness/campaigns/cp2a-r1-as-20260819T043340Z/.attempt-evidence.json",\n  "minimum_latency": 50517,\n  "outcome": "PASS"\n}', stderr=''
2026-08-19T04:39:41.874829Z attempt 6/40 starting (5/30 qualified; 5 headline passes)
2026-08-19T04:40:41.340505Z attempt 6 outcome=PASS, protocol_qualified=True, strict_pass=True; stdout='{\n  "app_standby": 65333,\n  "app_standby_minus_age_upper": 14903,\n  "app_standby_minus_minimum_latency": 15034,\n  "evidence": "/home/upgautam/CLionProjects/LostBoundaries/harness/campaigns/cp2a-r1-as-20260819T043340Z/.attempt-evidence.json",\n  "minimum_latency": 50299,\n  "outcome": "PASS"\n}', stderr=''
2026-08-19T04:40:41.416896Z attempt 7/40 starting (6/30 qualified; 6 headline passes)
2026-08-19T04:41:40.988483Z attempt 7 outcome=PASS, protocol_qualified=True, strict_pass=True; stdout='{\n  "app_standby": 65519,\n  "app_standby_minus_age_upper": 14889,\n  "app_standby_minus_minimum_latency": 14994,\n  "evidence": "/home/upgautam/CLionProjects/LostBoundaries/harness/campaigns/cp2a-r1-as-20260819T043340Z/.attempt-evidence.json",\n  "minimum_latency": 50525,\n  "outcome": "PASS"\n}', stderr=''
2026-08-19T04:41:41.068162Z attempt 8/40 starting (7/30 qualified; 7 headline passes)
2026-08-19T04:42:40.460551Z attempt 8 outcome=PASS, protocol_qualified=True, strict_pass=True; stdout='{\n  "app_standby": 65283,\n  "app_standby_minus_age_upper": 14883,\n  "app_standby_minus_minimum_latency": 14988,\n  "evidence": "/home/upgautam/CLionProjects/LostBoundaries/harness/campaigns/cp2a-r1-as-20260819T043340Z/.attempt-evidence.json",\n  "minimum_latency": 50295,\n  "outcome": "PASS"\n}', stderr=''
2026-08-19T04:42:40.543175Z attempt 9/40 starting (8/30 qualified; 8 headline passes)
2026-08-19T04:43:39.898023Z attempt 9 outcome=PASS, protocol_qualified=True, strict_pass=True; stdout='{\n  "app_standby": 65501,\n  "app_standby_minus_age_upper": 14881,\n  "app_standby_minus_minimum_latency": 14997,\n  "evidence": "/home/upgautam/CLionProjects/LostBoundaries/harness/campaigns/cp2a-r1-as-20260819T043340Z/.attempt-evidence.json",\n  "minimum_latency": 50504,\n  "outcome": "PASS"\n}', stderr=''
2026-08-19T04:43:39.979366Z attempt 10/40 starting (9/30 qualified; 9 headline passes)
2026-08-19T04:44:39.247353Z attempt 10 outcome=PASS, protocol_qualified=True, strict_pass=True; stdout='{\n  "app_standby": 65532,\n  "app_standby_minus_age_upper": 14882,\n  "app_standby_minus_minimum_latency": 14994,\n  "evidence": "/home/upgautam/CLionProjects/LostBoundaries/harness/campaigns/cp2a-r1-as-20260819T043340Z/.attempt-evidence.json",\n  "minimum_latency": 50538,\n  "outcome": "PASS"\n}', stderr=''
2026-08-19T04:44:39.329925Z attempt 11/40 starting (10/30 qualified; 10 headline passes)
2026-08-19T04:45:38.127793Z attempt 11 outcome=PASS, protocol_qualified=True, strict_pass=True; stdout='{\n  "app_standby": 65290,\n  "app_standby_minus_age_upper": 14880,\n  "app_standby_minus_minimum_latency": 14997,\n  "evidence": "/home/upgautam/CLionProjects/LostBoundaries/harness/campaigns/cp2a-r1-as-20260819T043340Z/.attempt-evidence.json",\n  "minimum_latency": 50293,\n  "outcome": "PASS"\n}', stderr=''
2026-08-19T04:45:38.204694Z attempt 12/40 starting (11/30 qualified; 11 headline passes)
2026-08-19T04:46:36.889232Z attempt 12 outcome=PASS, protocol_qualified=True, strict_pass=True; stdout='{\n  "app_standby": 65272,\n  "app_standby_minus_age_upper": 14902,\n  "app_standby_minus_minimum_latency": 15020,\n  "evidence": "/home/upgautam/CLionProjects/LostBoundaries/harness/campaigns/cp2a-r1-as-20260819T043340Z/.attempt-evidence.json",\n  "minimum_latency": 50252,\n  "outcome": "PASS"\n}', stderr=''
2026-08-19T04:46:36.965596Z attempt 13/40 starting (12/30 qualified; 12 headline passes)
2026-08-19T04:47:36.300539Z attempt 13 outcome=PASS, protocol_qualified=True, strict_pass=True; stdout='{\n  "app_standby": 65520,\n  "app_standby_minus_age_upper": 14910,\n  "app_standby_minus_minimum_latency": 15017,\n  "evidence": "/home/upgautam/CLionProjects/LostBoundaries/harness/campaigns/cp2a-r1-as-20260819T043340Z/.attempt-evidence.json",\n  "minimum_latency": 50503,\n  "outcome": "PASS"\n}', stderr=''
2026-08-19T04:47:36.375893Z attempt 14/40 starting (13/30 qualified; 13 headline passes)
2026-08-19T04:48:35.397258Z attempt 14 outcome=PASS, protocol_qualified=True, strict_pass=True; stdout='{\n  "app_standby": 65286,\n  "app_standby_minus_age_upper": 14916,\n  "app_standby_minus_minimum_latency": 15029,\n  "evidence": "/home/upgautam/CLionProjects/LostBoundaries/harness/campaigns/cp2a-r1-as-20260819T043340Z/.attempt-evidence.json",\n  "minimum_latency": 50257,\n  "outcome": "PASS"\n}', stderr=''
2026-08-19T04:48:35.473783Z attempt 15/40 starting (14/30 qualified; 14 headline passes)
2026-08-19T04:49:34.485474Z attempt 15 outcome=FAIL, protocol_qualified=False, strict_pass=False; stdout='{\n  "app_standby": 65290,\n  "app_standby_minus_age_upper": 14900,\n  "app_standby_minus_minimum_latency": 15005,\n  "evidence": "/home/upgautam/CLionProjects/LostBoundaries/harness/campaigns/cp2a-r1-as-20260819T043340Z/.attempt-evidence.json",\n  "minimum_latency": 50285,\n  "outcome": "FAIL"\n}', stderr=''
2026-08-19T04:49:34.560184Z attempt 16/40 starting (14/30 qualified; 14 headline passes)
2026-08-19T04:50:33.667455Z attempt 16 outcome=PASS, protocol_qualified=True, strict_pass=True; stdout='{\n  "app_standby": 65498,\n  "app_standby_minus_age_upper": 14888,\n  "app_standby_minus_minimum_latency": 15001,\n  "evidence": "/home/upgautam/CLionProjects/LostBoundaries/harness/campaigns/cp2a-r1-as-20260819T043340Z/.attempt-evidence.json",\n  "minimum_latency": 50497,\n  "outcome": "PASS"\n}', stderr=''
2026-08-19T04:50:33.747914Z attempt 17/40 starting (15/30 qualified; 15 headline passes)
2026-08-19T04:51:32.558104Z attempt 17 outcome=PASS, protocol_qualified=True, strict_pass=True; stdout='{\n  "app_standby": 65251,\n  "app_standby_minus_age_upper": 14881,\n  "app_standby_minus_minimum_latency": 14985,\n  "evidence": "/home/upgautam/CLionProjects/LostBoundaries/harness/campaigns/cp2a-r1-as-20260819T043340Z/.attempt-evidence.json",\n  "minimum_latency": 50266,\n  "outcome": "PASS"\n}', stderr=''
2026-08-19T04:51:32.639350Z attempt 18/40 starting (16/30 qualified; 16 headline passes)
2026-08-19T04:52:31.686628Z attempt 18 outcome=PASS, protocol_qualified=True, strict_pass=True; stdout='{\n  "app_standby": 65274,\n  "app_standby_minus_age_upper": 14884,\n  "app_standby_minus_minimum_latency": 14993,\n  "evidence": "/home/upgautam/CLionProjects/LostBoundaries/harness/campaigns/cp2a-r1-as-20260819T043340Z/.attempt-evidence.json",\n  "minimum_latency": 50281,\n  "outcome": "PASS"\n}', stderr=''
2026-08-19T04:52:31.764543Z attempt 19/40 starting (17/30 qualified; 17 headline passes)
2026-08-19T04:53:30.768624Z attempt 19 outcome=PASS, protocol_qualified=True, strict_pass=True; stdout='{\n  "app_standby": 65508,\n  "app_standby_minus_age_upper": 14878,\n  "app_standby_minus_minimum_latency": 14997,\n  "evidence": "/home/upgautam/CLionProjects/LostBoundaries/harness/campaigns/cp2a-r1-as-20260819T043340Z/.attempt-evidence.json",\n  "minimum_latency": 50511,\n  "outcome": "PASS"\n}', stderr=''
2026-08-19T04:53:30.845381Z attempt 20/40 starting (18/30 qualified; 18 headline passes)
2026-08-19T04:54:29.719901Z attempt 20 outcome=PASS, protocol_qualified=True, strict_pass=True; stdout='{\n  "app_standby": 65481,\n  "app_standby_minus_age_upper": 14871,\n  "app_standby_minus_minimum_latency": 14997,\n  "evidence": "/home/upgautam/CLionProjects/LostBoundaries/harness/campaigns/cp2a-r1-as-20260819T043340Z/.attempt-evidence.json",\n  "minimum_latency": 50484,\n  "outcome": "PASS"\n}', stderr=''
2026-08-19T04:54:29.798079Z attempt 21/40 starting (19/30 qualified; 19 headline passes)
2026-08-19T04:55:29.142830Z attempt 21 outcome=PASS, protocol_qualified=True, strict_pass=True; stdout='{\n  "app_standby": 65294,\n  "app_standby_minus_age_upper": 14884,\n  "app_standby_minus_minimum_latency": 15009,\n  "evidence": "/home/upgautam/CLionProjects/LostBoundaries/harness/campaigns/cp2a-r1-as-20260819T043340Z/.attempt-evidence.json",\n  "minimum_latency": 50285,\n  "outcome": "PASS"\n}', stderr=''
2026-08-19T04:55:29.219743Z attempt 22/40 starting (20/30 qualified; 20 headline passes)
2026-08-19T04:56:28.608282Z attempt 22 outcome=PASS, protocol_qualified=True, strict_pass=True; stdout='{\n  "app_standby": 65505,\n  "app_standby_minus_age_upper": 14895,\n  "app_standby_minus_minimum_latency": 14998,\n  "evidence": "/home/upgautam/CLionProjects/LostBoundaries/harness/campaigns/cp2a-r1-as-20260819T043340Z/.attempt-evidence.json",\n  "minimum_latency": 50507,\n  "outcome": "PASS"\n}', stderr=''
2026-08-19T04:56:28.683763Z attempt 23/40 starting (21/30 qualified; 21 headline passes)
2026-08-19T04:57:28.321481Z attempt 23 outcome=PASS, protocol_qualified=True, strict_pass=True; stdout='{\n  "app_standby": 65492,\n  "app_standby_minus_age_upper": 14882,\n  "app_standby_minus_minimum_latency": 15003,\n  "evidence": "/home/upgautam/CLionProjects/LostBoundaries/harness/campaigns/cp2a-r1-as-20260819T043340Z/.attempt-evidence.json",\n  "minimum_latency": 50489,\n  "outcome": "PASS"\n}', stderr=''
2026-08-19T04:57:28.398177Z attempt 24/40 starting (22/30 qualified; 22 headline passes)
2026-08-19T04:58:28.083358Z attempt 24 outcome=PASS, protocol_qualified=True, strict_pass=True; stdout='{\n  "app_standby": 65509,\n  "app_standby_minus_age_upper": 14879,\n  "app_standby_minus_minimum_latency": 15001,\n  "evidence": "/home/upgautam/CLionProjects/LostBoundaries/harness/campaigns/cp2a-r1-as-20260819T043340Z/.attempt-evidence.json",\n  "minimum_latency": 50508,\n  "outcome": "PASS"\n}', stderr=''
2026-08-19T04:58:28.159706Z attempt 25/40 starting (23/30 qualified; 23 headline passes)
2026-08-19T04:59:27.533388Z attempt 25 outcome=PASS, protocol_qualified=True, strict_pass=True; stdout='{\n  "app_standby": 65503,\n  "app_standby_minus_age_upper": 14883,\n  "app_standby_minus_minimum_latency": 15003,\n  "evidence": "/home/upgautam/CLionProjects/LostBoundaries/harness/campaigns/cp2a-r1-as-20260819T043340Z/.attempt-evidence.json",\n  "minimum_latency": 50500,\n  "outcome": "PASS"\n}', stderr=''
2026-08-19T04:59:27.610971Z attempt 26/40 starting (24/30 qualified; 24 headline passes)
2026-08-19T05:00:26.802364Z attempt 26 outcome=PASS, protocol_qualified=True, strict_pass=True; stdout='{\n  "app_standby": 65298,\n  "app_standby_minus_age_upper": 14898,\n  "app_standby_minus_minimum_latency": 15008,\n  "evidence": "/home/upgautam/CLionProjects/LostBoundaries/harness/campaigns/cp2a-r1-as-20260819T043340Z/.attempt-evidence.json",\n  "minimum_latency": 50290,\n  "outcome": "PASS"\n}', stderr=''
2026-08-19T05:00:26.881330Z attempt 27/40 starting (25/30 qualified; 25 headline passes)
2026-08-19T05:01:26.289448Z attempt 27 outcome=PASS, protocol_qualified=True, strict_pass=True; stdout='{\n  "app_standby": 65291,\n  "app_standby_minus_age_upper": 14871,\n  "app_standby_minus_minimum_latency": 14995,\n  "evidence": "/home/upgautam/CLionProjects/LostBoundaries/harness/campaigns/cp2a-r1-as-20260819T043340Z/.attempt-evidence.json",\n  "minimum_latency": 50296,\n  "outcome": "PASS"\n}', stderr=''
2026-08-19T05:01:26.365301Z attempt 28/40 starting (26/30 qualified; 26 headline passes)
2026-08-19T05:02:25.833002Z attempt 28 outcome=PASS, protocol_qualified=True, strict_pass=True; stdout='{\n  "app_standby": 65513,\n  "app_standby_minus_age_upper": 14883,\n  "app_standby_minus_minimum_latency": 15002,\n  "evidence": "/home/upgautam/CLionProjects/LostBoundaries/harness/campaigns/cp2a-r1-as-20260819T043340Z/.attempt-evidence.json",\n  "minimum_latency": 50511,\n  "outcome": "PASS"\n}', stderr=''
2026-08-19T05:02:25.909573Z attempt 29/40 starting (27/30 qualified; 27 headline passes)
2026-08-19T05:03:25.434607Z attempt 29 outcome=PASS, protocol_qualified=True, strict_pass=True; stdout='{\n  "app_standby": 65527,\n  "app_standby_minus_age_upper": 14887,\n  "app_standby_minus_minimum_latency": 15005,\n  "evidence": "/home/upgautam/CLionProjects/LostBoundaries/harness/campaigns/cp2a-r1-as-20260819T043340Z/.attempt-evidence.json",\n  "minimum_latency": 50522,\n  "outcome": "PASS"\n}', stderr=''
2026-08-19T05:03:25.515826Z attempt 30/40 starting (28/30 qualified; 28 headline passes)
2026-08-19T05:04:24.914597Z attempt 30 outcome=PASS, protocol_qualified=True, strict_pass=True; stdout='{\n  "app_standby": 65298,\n  "app_standby_minus_age_upper": 14848,\n  "app_standby_minus_minimum_latency": 14988,\n  "evidence": "/home/upgautam/CLionProjects/LostBoundaries/harness/campaigns/cp2a-r1-as-20260819T043340Z/.attempt-evidence.json",\n  "minimum_latency": 50310,\n  "outcome": "PASS"\n}', stderr=''
2026-08-19T05:04:24.989661Z attempt 31/40 starting (29/30 qualified; 29 headline passes)
2026-08-19T05:05:24.111027Z attempt 31 outcome=PASS, protocol_qualified=True, strict_pass=True; stdout='{\n  "app_standby": 65543,\n  "app_standby_minus_age_upper": 14903,\n  "app_standby_minus_minimum_latency": 15026,\n  "evidence": "/home/upgautam/CLionProjects/LostBoundaries/harness/campaigns/cp2a-r1-as-20260819T043340Z/.attempt-evidence.json",\n  "minimum_latency": 50517,\n  "outcome": "PASS"\n}', stderr=''
2026-08-19T05:05:24.115223Z qualification target reached after 31 attempts; strict_passes=30
